Archive member included to satisfy reference by file (symbol)

c:/st/stm32cubeide_1.4.0/stm32cubeide/plugins/com.st.stm32cube.ide.mcu.externaltools.gnu-tools-for-stm32.7-2018-q2-update.win32_1.4.0.202007081208/tools/bin/../lib/gcc/arm-none-eabi/7.3.1/../../../../arm-none-eabi/lib/thumb/v6-m\libc_nano.a(lib_a-exit.o)
                              c:/st/stm32cubeide_1.4.0/stm32cubeide/plugins/com.st.stm32cube.ide.mcu.externaltools.gnu-tools-for-stm32.7-2018-q2-update.win32_1.4.0.202007081208/tools/bin/../lib/gcc/arm-none-eabi/7.3.1/../../../../arm-none-eabi/lib/thumb/v6-m/crt0.o (exit)
c:/st/stm32cubeide_1.4.0/stm32cubeide/plugins/com.st.stm32cube.ide.mcu.externaltools.gnu-tools-for-stm32.7-2018-q2-update.win32_1.4.0.202007081208/tools/bin/../lib/gcc/arm-none-eabi/7.3.1/../../../../arm-none-eabi/lib/thumb/v6-m\libc_nano.a(lib_a-impure.o)
                              c:/st/stm32cubeide_1.4.0/stm32cubeide/plugins/com.st.stm32cube.ide.mcu.externaltools.gnu-tools-for-stm32.7-2018-q2-update.win32_1.4.0.202007081208/tools/bin/../lib/gcc/arm-none-eabi/7.3.1/../../../../arm-none-eabi/lib/thumb/v6-m\libc_nano.a(lib_a-exit.o) (_global_impure_ptr)
c:/st/stm32cubeide_1.4.0/stm32cubeide/plugins/com.st.stm32cube.ide.mcu.externaltools.gnu-tools-for-stm32.7-2018-q2-update.win32_1.4.0.202007081208/tools/bin/../lib/gcc/arm-none-eabi/7.3.1/../../../../arm-none-eabi/lib/thumb/v6-m\libc_nano.a(lib_a-init.o)
                              c:/st/stm32cubeide_1.4.0/stm32cubeide/plugins/com.st.stm32cube.ide.mcu.externaltools.gnu-tools-for-stm32.7-2018-q2-update.win32_1.4.0.202007081208/tools/bin/../lib/gcc/arm-none-eabi/7.3.1/../../../../arm-none-eabi/lib/thumb/v6-m/crt0.o (__libc_init_array)
c:/st/stm32cubeide_1.4.0/stm32cubeide/plugins/com.st.stm32cube.ide.mcu.externaltools.gnu-tools-for-stm32.7-2018-q2-update.win32_1.4.0.202007081208/tools/bin/../lib/gcc/arm-none-eabi/7.3.1/../../../../arm-none-eabi/lib/thumb/v6-m\libc_nano.a(lib_a-memcpy-stub.o)
                              Drivers/STM32F0xx_HAL_Driver/stm32f0xx_hal_rcc.o (memcpy)
c:/st/stm32cubeide_1.4.0/stm32cubeide/plugins/com.st.stm32cube.ide.mcu.externaltools.gnu-tools-for-stm32.7-2018-q2-update.win32_1.4.0.202007081208/tools/bin/../lib/gcc/arm-none-eabi/7.3.1/../../../../arm-none-eabi/lib/thumb/v6-m\libc_nano.a(lib_a-memset.o)
                              c:/st/stm32cubeide_1.4.0/stm32cubeide/plugins/com.st.stm32cube.ide.mcu.externaltools.gnu-tools-for-stm32.7-2018-q2-update.win32_1.4.0.202007081208/tools/bin/../lib/gcc/arm-none-eabi/7.3.1/../../../../arm-none-eabi/lib/thumb/v6-m/crt0.o (memset)
c:/st/stm32cubeide_1.4.0/stm32cubeide/plugins/com.st.stm32cube.ide.mcu.externaltools.gnu-tools-for-stm32.7-2018-q2-update.win32_1.4.0.202007081208/tools/bin/../lib/gcc/arm-none-eabi/7.3.1/thumb/v6-m\libgcc.a(_thumb1_case_sqi.o)
                              Drivers/STM32F0xx_HAL_Driver/stm32f0xx_hal_uart.o (__gnu_thumb1_case_sqi)
c:/st/stm32cubeide_1.4.0/stm32cubeide/plugins/com.st.stm32cube.ide.mcu.externaltools.gnu-tools-for-stm32.7-2018-q2-update.win32_1.4.0.202007081208/tools/bin/../lib/gcc/arm-none-eabi/7.3.1/thumb/v6-m\libgcc.a(_thumb1_case_uqi.o)
                              Drivers/STM32F0xx_HAL_Driver/stm32f0xx_hal_dma.o (__gnu_thumb1_case_uqi)
c:/st/stm32cubeide_1.4.0/stm32cubeide/plugins/com.st.stm32cube.ide.mcu.externaltools.gnu-tools-for-stm32.7-2018-q2-update.win32_1.4.0.202007081208/tools/bin/../lib/gcc/arm-none-eabi/7.3.1/thumb/v6-m\libgcc.a(_udivsi3.o)
                              Drivers/CMSIS/system_stm32f0xx.o (__aeabi_uidiv)
c:/st/stm32cubeide_1.4.0/stm32cubeide/plugins/com.st.stm32cube.ide.mcu.externaltools.gnu-tools-for-stm32.7-2018-q2-update.win32_1.4.0.202007081208/tools/bin/../lib/gcc/arm-none-eabi/7.3.1/thumb/v6-m\libgcc.a(_divsi3.o)
                              Drivers/CMSIS/system_stm32f0xx.o (__aeabi_idiv)
c:/st/stm32cubeide_1.4.0/stm32cubeide/plugins/com.st.stm32cube.ide.mcu.externaltools.gnu-tools-for-stm32.7-2018-q2-update.win32_1.4.0.202007081208/tools/bin/../lib/gcc/arm-none-eabi/7.3.1/thumb/v6-m\libgcc.a(_dvmd_tls.o)
                              c:/st/stm32cubeide_1.4.0/stm32cubeide/plugins/com.st.stm32cube.ide.mcu.externaltools.gnu-tools-for-stm32.7-2018-q2-update.win32_1.4.0.202007081208/tools/bin/../lib/gcc/arm-none-eabi/7.3.1/thumb/v6-m\libgcc.a(_udivsi3.o) (__aeabi_idiv0)
c:/st/stm32cubeide_1.4.0/stm32cubeide/plugins/com.st.stm32cube.ide.mcu.externaltools.gnu-tools-for-stm32.7-2018-q2-update.win32_1.4.0.202007081208/tools/bin/../lib/gcc/arm-none-eabi/7.3.1/../../../../arm-none-eabi/lib/thumb/v6-m\libnosys.a(_exit.o)
                              c:/st/stm32cubeide_1.4.0/stm32cubeide/plugins/com.st.stm32cube.ide.mcu.externaltools.gnu-tools-for-stm32.7-2018-q2-update.win32_1.4.0.202007081208/tools/bin/../lib/gcc/arm-none-eabi/7.3.1/../../../../arm-none-eabi/lib/thumb/v6-m\libc_nano.a(lib_a-exit.o) (_exit)

Allocating common symbols
Common symbol       size              file

UartHandle          0x80              Example/User/main.o
[...]
Memory Configuration

Name             Origin             Length             Attributes
FLASH            0x0000000008000000 0x0000000000020000 xr
RAM              0x0000000020000000 0x0000000000004000 xrw
*default*        0x0000000000000000 0xffffffffffffffff

Linker script and memory map

LOAD c:/st/stm32cubeide_1.4.0/stm32cubeide/plugins/com.st.stm32cube.ide.mcu.externaltools.gnu-tools-for-stm32.7-2018-q2-update.win32_1.4.0.202007081208/tools/bin/../lib/gcc/arm-none-eabi/7.3.1/thumb/v6-m/crti.o
LOAD c:/st/stm32cubeide_1.4.0/stm32cubeide/plugins/com.st.stm32cube.ide.mcu.externaltools.gnu-tools-for-stm32.7-2018-q2-update.win32_1.4.0.202007081208/tools/bin/../lib/gcc/arm-none-eabi/7.3.1/thumb/v6-m/crtbegin.o
LOAD c:/st/stm32cubeide_1.4.0/stm32cubeide/plugins/com.st.stm32cube.ide.mcu.externaltools.gnu-tools-for-stm32.7-2018-q2-update.win32_1.4.0.202007081208/tools/bin/../lib/gcc/arm-none-eabi/7.3.1/../../../../arm-none-eabi/lib/thumb/v6-m/crt0.o
LOAD Drivers/BSP/STM32F0xx-Nucleo/stm32f0xx_nucleo.o
LOAD Drivers/CMSIS/system_stm32f0xx.o
LOAD Drivers/STM32F0xx_HAL_Driver/stm32f0xx_hal.o
LOAD Drivers/STM32F0xx_HAL_Driver/stm32f0xx_hal_cortex.o
LOAD Drivers/STM32F0xx_HAL_Driver/stm32f0xx_hal_dma.o
LOAD Drivers/STM32F0xx_HAL_Driver/stm32f0xx_hal_gpio.o
LOAD Drivers/STM32F0xx_HAL_Driver/stm32f0xx_hal_rcc.o
LOAD Drivers/STM32F0xx_HAL_Driver/stm32f0xx_hal_rcc_ex.o
LOAD Drivers/STM32F0xx_HAL_Driver/stm32f0xx_hal_uart.o
LOAD Drivers/STM32F0xx_HAL_Driver/stm32f0xx_hal_uart_ex.o
LOAD Example/SW4STM32/startup_stm32f072xb.o
LOAD Example/User/main.o
LOAD Example/User/stm32f0xx_hal_msp.o
LOAD Example/User/stm32f0xx_it.o
START GROUP
LOAD c:/st/stm32cubeide_1.4.0/stm32cubeide/plugins/com.st.stm32cube.ide.mcu.externaltools.gnu-tools-for-stm32.7-2018-q2-update.win32_1.4.0.202007081208/tools/bin/../lib/gcc/arm-none-eabi/7.3.1/../../../../arm-none-eabi/lib/thumb/v6-m\libc_nano.a
LOAD c:/st/stm32cubeide_1.4.0/stm32cubeide/plugins/com.st.stm32cube.ide.mcu.externaltools.gnu-tools-for-stm32.7-2018-q2-update.win32_1.4.0.202007081208/tools/bin/../lib/gcc/arm-none-eabi/7.3.1/../../../../arm-none-eabi/lib/thumb/v6-m\libm.a
END GROUP
START GROUP
LOAD c:/st/stm32cubeide_1.4.0/stm32cubeide/plugins/com.st.stm32cube.ide.mcu.externaltools.gnu-tools-for-stm32.7-2018-q2-update.win32_1.4.0.202007081208/tools/bin/../lib/gcc/arm-none-eabi/7.3.1/thumb/v6-m\libgcc.a
LOAD c:/st/stm32cubeide_1.4.0/stm32cubeide/plugins/com.st.stm32cube.ide.mcu.externaltools.gnu-tools-for-stm32.7-2018-q2-update.win32_1.4.0.202007081208/tools/bin/../lib/gcc/arm-none-eabi/7.3.1/../../../../arm-none-eabi/lib/thumb/v6-m\libc_nano.a
END GROUP
START GROUP
LOAD c:/st/stm32cubeide_1.4.0/stm32cubeide/plugins/com.st.stm32cube.ide.mcu.externaltools.gnu-tools-for-stm32.7-2018-q2-update.win32_1.4.0.202007081208/tools/bin/../lib/gcc/arm-none-eabi/7.3.1/thumb/v6-m\libgcc.a
LOAD c:/st/stm32cubeide_1.4.0/stm32cubeide/plugins/com.st.stm32cube.ide.mcu.externaltools.gnu-tools-for-stm32.7-2018-q2-update.win32_1.4.0.202007081208/tools/bin/../lib/gcc/arm-none-eabi/7.3.1/../../../../arm-none-eabi/lib/thumb/v6-m\libc_nano.a
LOAD c:/st/stm32cubeide_1.4.0/stm32cubeide/plugins/com.st.stm32cube.ide.mcu.externaltools.gnu-tools-for-stm32.7-2018-q2-update.win32_1.4.0.202007081208/tools/bin/../lib/gcc/arm-none-eabi/7.3.1/../../../../arm-none-eabi/lib/thumb/v6-m\libnosys.a
END GROUP
START GROUP
LOAD c:/st/stm32cubeide_1.4.0/stm32cubeide/plugins/com.st.stm32cube.ide.mcu.externaltools.gnu-tools-for-stm32.7-2018-q2-update.win32_1.4.0.202007081208/tools/bin/../lib/gcc/arm-none-eabi/7.3.1/thumb/v6-m\libgcc.a
LOAD c:/st/stm32cubeide_1.4.0/stm32cubeide/plugins/com.st.stm32cube.ide.mcu.externaltools.gnu-tools-for-stm32.7-2018-q2-update.win32_1.4.0.202007081208/tools/bin/../lib/gcc/arm-none-eabi/7.3.1/../../../../arm-none-eabi/lib/thumb/v6-m\libc_nano.a
LOAD c:/st/stm32cubeide_1.4.0/stm32cubeide/plugins/com.st.stm32cube.ide.mcu.externaltools.gnu-tools-for-stm32.7-2018-q2-update.win32_1.4.0.202007081208/tools/bin/../lib/gcc/arm-none-eabi/7.3.1/../../../../arm-none-eabi/lib/thumb/v6-m\libnosys.a
END GROUP
LOAD c:/st/stm32cubeide_1.4.0/stm32cubeide/plugins/com.st.stm32cube.ide.mcu.externaltools.gnu-tools-for-stm32.7-2018-q2-update.win32_1.4.0.202007081208/tools/bin/../lib/gcc/arm-none-eabi/7.3.1/thumb/v6-m/crtend.o
LOAD c:/st/stm32cubeide_1.4.0/stm32cubeide/plugins/com.st.stm32cube.ide.mcu.externaltools.gnu-tools-for-stm32.7-2018-q2-update.win32_1.4.0.202007081208/tools/bin/../lib/gcc/arm-none-eabi/7.3.1/thumb/v6-m/crtn.o
                0x0000000020004000                _estack = 0x20004000
                0x0000000000000200                _Min_Heap_Size = 0x200
                0x0000000000000400                _Min_Stack_Size = 0x400

.isr_vector     0x0000000008000000       0xc0
                0x0000000008000000                . = ALIGN (0x4)
 *(.isr_vector)
 .isr_vector    0x0000000008000000       0xc0 Example/SW4STM32/startup_stm32f072xb.o
                0x0000000008000000                g_pfnVectors
                0x00000000080000c0                . = ALIGN (0x4)

.text           0x00000000080000c0     0x1858
                0x00000000080000c0                . = ALIGN (0x4)
 *(.text)
 .text          0x00000000080000c0       0x48 c:/st/stm32cubeide_1.4.0/stm32cubeide/plugins/com.st.stm32cube.ide.mcu.externaltools.gnu-tools-for-stm32.7-2018-q2-update.win32_1.4.0.202007081208/tools/bin/../lib/gcc/arm-none-eabi/7.3.1/thumb/v6-m/crtbegin.o
 .text          0x0000000008000108       0x14 c:/st/stm32cubeide_1.4.0/stm32cubeide/plugins/com.st.stm32cube.ide.mcu.externaltools.gnu-tools-for-stm32.7-2018-q2-update.win32_1.4.0.202007081208/tools/bin/../lib/gcc/arm-none-eabi/7.3.1/thumb/v6-m\libgcc.a(_thumb1_case_sqi.o)
                0x0000000008000108                __gnu_thumb1_case_sqi
 .text          0x000000000800011c       0x14 c:/st/stm32cubeide_1.4.0/stm32cubeide/plugins/com.st.stm32cube.ide.mcu.externaltools.gnu-tools-for-stm32.7-2018-q2-update.win32_1.4.0.202007081208/tools/bin/../lib/gcc/arm-none-eabi/7.3.1/thumb/v6-m\libgcc.a(_thumb1_case_uqi.o)
                0x000000000800011c                __gnu_thumb1_case_uqi
 .text          0x0000000008000130      0x114 c:/st/stm32cubeide_1.4.0/stm32cubeide/plugins/com.st.stm32cube.ide.mcu.externaltools.gnu-tools-for-stm32.7-2018-q2-update.win32_1.4.0.202007081208/tools/bin/../lib/gcc/arm-none-eabi/7.3.1/thumb/v6-m\libgcc.a(_udivsi3.o)
                0x0000000008000130                __aeabi_uidiv
                0x0000000008000130                __udivsi3
                0x000000000800023c                __aeabi_uidivmod
 .text          0x0000000008000244        0x4 c:/st/stm32cubeide_1.4.0/stm32cubeide/plugins/com.st.stm32cube.ide.mcu.externaltools.gnu-tools-for-stm32.7-2018-q2-update.win32_1.4.0.202007081208/tools/bin/../lib/gcc/arm-none-eabi/7.3.1/thumb/v6-m\libgcc.a(_dvmd_tls.o)
                0x0000000008000244                __aeabi_idiv0
                0x0000000008000244                __aeabi_ldiv0
 *(.text*)
 .text.BSP_LED_Init
                0x0000000008000248       0x44 Drivers/BSP/STM32F0xx-Nucleo/stm32f0xx_nucleo.o
                0x0000000008000248                BSP_LED_Init
 .text.BSP_LED_On
                0x000000000800028c       0x18 Drivers/BSP/STM32F0xx-Nucleo/stm32f0xx_nucleo.o
                0x000000000800028c                BSP_LED_On
 .text.BSP_LED_Off
                0x00000000080002a4       0x18 Drivers/BSP/STM32F0xx-Nucleo/stm32f0xx_nucleo.o
                0x00000000080002a4                BSP_LED_Off
 .text.BSP_LED_Toggle
                0x00000000080002bc       0x14 Drivers/BSP/STM32F0xx-Nucleo/stm32f0xx_nucleo.o
                0x00000000080002bc                BSP_LED_Toggle
 .text.SystemInit
                0x00000000080002d0       0x60 Drivers/CMSIS/system_stm32f0xx.o
                0x00000000080002d0                SystemInit
 .text.HAL_MspInit
                0x0000000008000330        0x2 Drivers/STM32F0xx_HAL_Driver/stm32f0xx_hal.o
                0x0000000008000330                HAL_MspInit
 *fill*         0x0000000008000332        0x2 
 .text.HAL_InitTick
                0x0000000008000334       0x44 Drivers/STM32F0xx_HAL_Driver/stm32f0xx_hal.o
                0x0000000008000334                HAL_InitTick
 .text.HAL_Init
                0x0000000008000378       0x20 Drivers/STM32F0xx_HAL_Driver/stm32f0xx_hal.o
                0x0000000008000378                HAL_Init
 .text.HAL_IncTick
                0x0000000008000398       0x18 Drivers/STM32F0xx_HAL_Driver/stm32f0xx_hal.o
                0x0000000008000398                HAL_IncTick
 .text.HAL_GetTick
                0x00000000080003b0        0xc Drivers/STM32F0xx_HAL_Driver/stm32f0xx_hal.o
                0x00000000080003b0                HAL_GetTick
 .text.HAL_Delay
                0x00000000080003bc       0x24 Drivers/STM32F0xx_HAL_Driver/stm32f0xx_hal.o
                0x00000000080003bc                HAL_Delay
 .text.HAL_NVIC_SetPriority
                0x00000000080003e0       0x54 Drivers/STM32F0xx_HAL_Driver/stm32f0xx_hal_cortex.o
                0x00000000080003e0                HAL_NVIC_SetPriority
 .text.HAL_NVIC_EnableIRQ
                0x0000000008000434       0x18 Drivers/STM32F0xx_HAL_Driver/stm32f0xx_hal_cortex.o
                0x0000000008000434                HAL_NVIC_EnableIRQ
 .text.HAL_NVIC_DisableIRQ
                0x000000000800044c       0x20 Drivers/STM32F0xx_HAL_Driver/stm32f0xx_hal_cortex.o
                0x000000000800044c                HAL_NVIC_DisableIRQ
 .text.HAL_SYSTICK_Config
                0x000000000800046c       0x34 Drivers/STM32F0xx_HAL_Driver/stm32f0xx_hal_cortex.o
                0x000000000800046c                HAL_SYSTICK_Config
 .text.HAL_DMA_Abort_IT
                0x00000000080004a0       0x46 Drivers/STM32F0xx_HAL_Driver/stm32f0xx_hal_dma.o
                0x00000000080004a0                HAL_DMA_Abort_IT
 *fill*         0x00000000080004e6        0x2 
 .text.HAL_GPIO_Init
                0x00000000080004e8      0x178 Drivers/STM32F0xx_HAL_Driver/stm32f0xx_hal_gpio.o
                0x00000000080004e8                HAL_GPIO_Init
 .text.HAL_GPIO_DeInit
                0x0000000008000660       0xec Drivers/STM32F0xx_HAL_Driver/stm32f0xx_hal_gpio.o
                0x0000000008000660                HAL_GPIO_DeInit
 .text.HAL_GPIO_WritePin
                0x000000000800074c        0xc Drivers/STM32F0xx_HAL_Driver/stm32f0xx_hal_gpio.o
                0x000000000800074c                HAL_GPIO_WritePin
 .text.HAL_GPIO_TogglePin
                0x0000000008000758        0xc Drivers/STM32F0xx_HAL_Driver/stm32f0xx_hal_gpio.o
                0x0000000008000758                HAL_GPIO_TogglePin
 .text.HAL_GPIO_EXTI_IRQHandler
                0x0000000008000764       0x18 Drivers/STM32F0xx_HAL_Driver/stm32f0xx_hal_gpio.o
                0x0000000008000764                HAL_GPIO_EXTI_IRQHandler
 .text.HAL_RCC_OscConfig
                0x000000000800077c      0x4a0 Drivers/STM32F0xx_HAL_Driver/stm32f0xx_hal_rcc.o
                0x000000000800077c                HAL_RCC_OscConfig
 .text.HAL_RCC_GetSysClockFreq
                0x0000000008000c1c       0x84 Drivers/STM32F0xx_HAL_Driver/stm32f0xx_hal_rcc.o
                0x0000000008000c1c                HAL_RCC_GetSysClockFreq
 .text.HAL_RCC_ClockConfig
                0x0000000008000ca0      0x118 Drivers/STM32F0xx_HAL_Driver/stm32f0xx_hal_rcc.o
                0x0000000008000ca0                HAL_RCC_ClockConfig
 .text.HAL_RCC_GetPCLK1Freq
                0x0000000008000db8       0x20 Drivers/STM32F0xx_HAL_Driver/stm32f0xx_hal_rcc.o
                0x0000000008000db8                HAL_RCC_GetPCLK1Freq
 .text.UART_EndRxTransfer
                0x0000000008000dd8       0x24 Drivers/STM32F0xx_HAL_Driver/stm32f0xx_hal_uart.o
 .text.UART_TxISR_16BIT
                0x0000000008000dfc       0x3e Drivers/STM32F0xx_HAL_Driver/stm32f0xx_hal_uart.o
 .text.UART_TxISR_8BIT
                0x0000000008000e3a       0x3a Drivers/STM32F0xx_HAL_Driver/stm32f0xx_hal_uart.o
 .text.HAL_UART_DeInit
                0x0000000008000e74       0x32 Drivers/STM32F0xx_HAL_Driver/stm32f0xx_hal_uart.o
                0x0000000008000e74                HAL_UART_DeInit
 *fill*         0x0000000008000ea6        0x2 
 .text.HAL_UART_Transmit_IT
                0x0000000008000ea8       0x7c Drivers/STM32F0xx_HAL_Driver/stm32f0xx_hal_uart.o
                0x0000000008000ea8                HAL_UART_Transmit_IT
 .text.HAL_UART_Receive_IT
                0x0000000008000f24       0xc8 Drivers/STM32F0xx_HAL_Driver/stm32f0xx_hal_uart.o
                0x0000000008000f24                HAL_UART_Receive_IT
 .text.UART_RxISR_8BIT
                0x0000000008000fec       0x60 Drivers/STM32F0xx_HAL_Driver/stm32f0xx_hal_uart.o
 .text.UART_RxISR_16BIT
                0x000000000800104c       0x5c Drivers/STM32F0xx_HAL_Driver/stm32f0xx_hal_uart.o
 .text.HAL_UART_IRQHandler
                0x00000000080010a8      0x154 Drivers/STM32F0xx_HAL_Driver/stm32f0xx_hal_uart.o
                0x00000000080010a8                HAL_UART_IRQHandler
 .text.UART_DMAAbortOnError
                0x00000000080011fc       0x16 Drivers/STM32F0xx_HAL_Driver/stm32f0xx_hal_uart.o
 *fill*         0x0000000008001212        0x2 
 .text.UART_SetConfig
                0x0000000008001214      0x1a0 Drivers/STM32F0xx_HAL_Driver/stm32f0xx_hal_uart.o
                0x0000000008001214                UART_SetConfig
 .text.UART_AdvFeatureConfig
                0x00000000080013b4       0xd0 Drivers/STM32F0xx_HAL_Driver/stm32f0xx_hal_uart.o
                0x00000000080013b4                UART_AdvFeatureConfig
 .text.UART_WaitOnFlagUntilTimeout
                0x0000000008001484       0x90 Drivers/STM32F0xx_HAL_Driver/stm32f0xx_hal_uart.o
                0x0000000008001484                UART_WaitOnFlagUntilTimeout
 .text.UART_CheckIdleState
                0x0000000008001514       0x60 Drivers/STM32F0xx_HAL_Driver/stm32f0xx_hal_uart.o
                0x0000000008001514                UART_CheckIdleState
 .text.HAL_UART_Init
                0x0000000008001574       0x64 Drivers/STM32F0xx_HAL_Driver/stm32f0xx_hal_uart.o
                0x0000000008001574                HAL_UART_Init
 .text.HAL_UARTEx_WakeupCallback
                0x00000000080015d8        0x2 Drivers/STM32F0xx_HAL_Driver/stm32f0xx_hal_uart_ex.o
                0x00000000080015d8                HAL_UARTEx_WakeupCallback
 *fill*         0x00000000080015da        0x2 
 .text.Reset_Handler
                0x00000000080015dc       0x50 Example/SW4STM32/startup_stm32f072xb.o
                0x00000000080015dc                Reset_Handler
 .text.Default_Handler
                0x000000000800162c        0x2 Example/SW4STM32/startup_stm32f072xb.o
                0x000000000800162c                TIM1_CC_IRQHandler
                0x000000000800162c                TSC_IRQHandler
                0x000000000800162c                ADC1_COMP_IRQHandler
                0x000000000800162c                I2C1_IRQHandler
                0x000000000800162c                RCC_CRS_IRQHandler
                0x000000000800162c                SPI1_IRQHandler
                0x000000000800162c                TIM6_DAC_IRQHandler
                0x000000000800162c                USART3_4_IRQHandler
                0x000000000800162c                EXTI2_3_IRQHandler
                0x000000000800162c                I2C2_IRQHandler
                0x000000000800162c                TIM17_IRQHandler
                0x000000000800162c                CEC_CAN_IRQHandler
                0x000000000800162c                RTC_IRQHandler
                0x000000000800162c                PVD_VDDIO2_IRQHandler
                0x000000000800162c                DMA1_Channel4_5_6_7_IRQHandler
                0x000000000800162c                TIM16_IRQHandler
                0x000000000800162c                TIM3_IRQHandler
                0x000000000800162c                DMA1_Channel1_IRQHandler
                0x000000000800162c                Default_Handler
                0x000000000800162c                TIM14_IRQHandler
                0x000000000800162c                TIM7_IRQHandler
                0x000000000800162c                TIM15_IRQHandler
                0x000000000800162c                EXTI0_1_IRQHandler
                0x000000000800162c                USB_IRQHandler
                0x000000000800162c                SPI2_IRQHandler
                0x000000000800162c                WWDG_IRQHandler
                0x000000000800162c                TIM2_IRQHandler
                0x000000000800162c                DMA1_Channel2_3_IRQHandler
                0x000000000800162c                USART2_IRQHandler
                0x000000000800162c                FLASH_IRQHandler
                0x000000000800162c                TIM1_BRK_UP_TRG_COM_IRQHandler
 .text.Error_Handler
                0x000000000800162e       0x1a Example/User/main.o
 .text.SystemClock_Config
                0x0000000008001648       0x44 Example/User/main.o
                0x0000000008001648                SystemClock_Config
 .text.startup.main
                0x000000000800168c       0xf4 Example/User/main.o
                0x000000000800168c                main
 .text.HAL_UART_TxCpltCallback
                0x0000000008001780        0xc Example/User/main.o
                0x0000000008001780                HAL_UART_TxCpltCallback
 .text.HAL_UART_RxCpltCallback
                0x000000000800178c        0xc Example/User/main.o
                0x000000000800178c                HAL_UART_RxCpltCallback
 .text.HAL_UART_ErrorCallback
                0x0000000008001798        0x6 Example/User/main.o
                0x0000000008001798                HAL_UART_ErrorCallback
 *fill*         0x000000000800179e        0x2 
 .text.HAL_GPIO_EXTI_Callback
                0x00000000080017a0       0x14 Example/User/main.o
                0x00000000080017a0                HAL_GPIO_EXTI_Callback
 .text.HAL_UART_MspInit
                0x00000000080017b4       0x84 Example/User/stm32f0xx_hal_msp.o
                0x00000000080017b4                HAL_UART_MspInit
 .text.HAL_UART_MspDeInit
                0x0000000008001838       0x40 Example/User/stm32f0xx_hal_msp.o
                0x0000000008001838                HAL_UART_MspDeInit
 .text.NMI_Handler
                0x0000000008001878        0x2 Example/User/stm32f0xx_it.o
                0x0000000008001878                NMI_Handler
 .text.HardFault_Handler
                0x000000000800187a        0x2 Example/User/stm32f0xx_it.o
                0x000000000800187a                HardFault_Handler
 .text.SVC_Handler
                0x000000000800187c        0x2 Example/User/stm32f0xx_it.o
                0x000000000800187c                SVC_Handler
 .text.PendSV_Handler
                0x000000000800187e        0x2 Example/User/stm32f0xx_it.o
                0x000000000800187e                PendSV_Handler
 .text.SysTick_Handler
                0x0000000008001880        0x8 Example/User/stm32f0xx_it.o
                0x0000000008001880                SysTick_Handler
 .text.USART1_IRQHandler
                0x0000000008001888       0x10 Example/User/stm32f0xx_it.o
                0x0000000008001888                USART1_IRQHandler
 .text.EXTI4_15_IRQHandler
                0x0000000008001898        0xc Example/User/stm32f0xx_it.o
                0x0000000008001898                EXTI4_15_IRQHandler
 .text.__libc_init_array
                0x00000000080018a4       0x48 c:/st/stm32cubeide_1.4.0/stm32cubeide/plugins/com.st.stm32cube.ide.mcu.externaltools.gnu-tools-for-stm32.7-2018-q2-update.win32_1.4.0.202007081208/tools/bin/../lib/gcc/arm-none-eabi/7.3.1/../../../../arm-none-eabi/lib/thumb/v6-m\libc_nano.a(lib_a-init.o)
                0x00000000080018a4                __libc_init_array
 .text.memcpy   0x00000000080018ec       0x12 c:/st/stm32cubeide_1.4.0/stm32cubeide/plugins/com.st.stm32cube.ide.mcu.externaltools.gnu-tools-for-stm32.7-2018-q2-update.win32_1.4.0.202007081208/tools/bin/../lib/gcc/arm-none-eabi/7.3.1/../../../../arm-none-eabi/lib/thumb/v6-m\libc_nano.a(lib_a-memcpy-stub.o)
                0x00000000080018ec                memcpy
 *(.glue_7)
 .glue_7        0x00000000080018fe        0x0 linker stubs
 *(.glue_7t)
 .glue_7t       0x00000000080018fe        0x0 linker stubs
 *(.eh_frame)
 *fill*         0x00000000080018fe        0x2 
 .eh_frame      0x0000000008001900        0x0 c:/st/stm32cubeide_1.4.0/stm32cubeide/plugins/com.st.stm32cube.ide.mcu.externaltools.gnu-tools-for-stm32.7-2018-q2-update.win32_1.4.0.202007081208/tools/bin/../lib/gcc/arm-none-eabi/7.3.1/thumb/v6-m/crtbegin.o
 *(.init)
 .init          0x0000000008001900        0x4 c:/st/stm32cubeide_1.4.0/stm32cubeide/plugins/com.st.stm32cube.ide.mcu.externaltools.gnu-tools-for-stm32.7-2018-q2-update.win32_1.4.0.202007081208/tools/bin/../lib/gcc/arm-none-eabi/7.3.1/thumb/v6-m/crti.o
                0x0000000008001900                _init
 .init          0x0000000008001904        0x8 c:/st/stm32cubeide_1.4.0/stm32cubeide/plugins/com.st.stm32cube.ide.mcu.externaltools.gnu-tools-for-stm32.7-2018-q2-update.win32_1.4.0.202007081208/tools/bin/../lib/gcc/arm-none-eabi/7.3.1/thumb/v6-m/crtn.o
 *(.fini)
 .fini          0x000000000800190c        0x4 c:/st/stm32cubeide_1.4.0/stm32cubeide/plugins/com.st.stm32cube.ide.mcu.externaltools.gnu-tools-for-stm32.7-2018-q2-update.win32_1.4.0.202007081208/tools/bin/../lib/gcc/arm-none-eabi/7.3.1/thumb/v6-m/crti.o
                0x000000000800190c                _fini
 .fini          0x0000000008001910        0x8 c:/st/stm32cubeide_1.4.0/stm32cubeide/plugins/com.st.stm32cube.ide.mcu.externaltools.gnu-tools-for-stm32.7-2018-q2-update.win32_1.4.0.202007081208/tools/bin/../lib/gcc/arm-none-eabi/7.3.1/thumb/v6-m/crtn.o
                0x0000000008001918                . = ALIGN (0x4)
                0x0000000008001918                _etext = .

.vfp11_veneer   0x0000000008001918        0x0
 .vfp11_veneer  0x0000000008001918        0x0 linker stubs

.v4_bx          0x0000000008001918        0x0
 .v4_bx         0x0000000008001918        0x0 linker stubs

.iplt           0x0000000008001918        0x0
 .iplt          0x0000000008001918        0x0 c:/st/stm32cubeide_1.4.0/stm32cubeide/plugins/com.st.stm32cube.ide.mcu.externaltools.gnu-tools-for-stm32.7-2018-q2-update.win32_1.4.0.202007081208/tools/bin/../lib/gcc/arm-none-eabi/7.3.1/thumb/v6-m/crtbegin.o

.rodata         0x0000000008001918       0x3c
                0x0000000008001918                . = ALIGN (0x4)
 *(.rodata)
 .rodata        0x0000000008001918       0x18 Drivers/CMSIS/system_stm32f0xx.o
                0x0000000008001918                AHBPrescTable
                0x0000000008001928                APBPrescTable
 .rodata        0x0000000008001930       0x20 Drivers/STM32F0xx_HAL_Driver/stm32f0xx_hal_rcc.o
 .rodata        0x0000000008001950        0x4 Drivers/STM32F0xx_HAL_Driver/stm32f0xx_hal_uart.o
 *(.rodata*)
                0x0000000008001954                . = ALIGN (0x4)

.rel.dyn        0x0000000008001954        0x0
 .rel.iplt      0x0000000008001954        0x0 c:/st/stm32cubeide_1.4.0/stm32cubeide/plugins/com.st.stm32cube.ide.mcu.externaltools.gnu-tools-for-stm32.7-2018-q2-update.win32_1.4.0.202007081208/tools/bin/../lib/gcc/arm-none-eabi/7.3.1/thumb/v6-m/crtbegin.o

.ARM.extab
 *(.ARM.extab* .gnu.linkonce.armextab.*)

.ARM            0x0000000008001954        0x0
                0x0000000008001954                __exidx_start = .
 *(.ARM.exidx*)
                0x0000000008001954                __exidx_end = .

.preinit_array  0x0000000008001954        0x0
                0x0000000008001954                PROVIDE (__preinit_array_start = .)
 *(.preinit_array*)
                0x0000000008001954                PROVIDE (__preinit_array_end = .)

.init_array     0x0000000008001954        0x4
                0x0000000008001954                PROVIDE (__init_array_start = .)
 *(SORT_BY_NAME(.init_array.*))
 *(.init_array*)
 .init_array    0x0000000008001954        0x4 c:/st/stm32cubeide_1.4.0/stm32cubeide/plugins/com.st.stm32cube.ide.mcu.externaltools.gnu-tools-for-stm32.7-2018-q2-update.win32_1.4.0.202007081208/tools/bin/../lib/gcc/arm-none-eabi/7.3.1/thumb/v6-m/crtbegin.o
                0x0000000008001958                PROVIDE (__init_array_end = .)

.fini_array     0x0000000008001958        0x4
                [!provide]                        PROVIDE (__fini_array_start = .)
 *(SORT_BY_NAME(.fini_array.*))
 *(.fini_array*)
 .fini_array    0x0000000008001958        0x4 c:/st/stm32cubeide_1.4.0/stm32cubeide/plugins/com.st.stm32cube.ide.mcu.externaltools.gnu-tools-for-stm32.7-2018-q2-update.win32_1.4.0.202007081208/tools/bin/../lib/gcc/arm-none-eabi/7.3.1/thumb/v6-m/crtbegin.o
                [!provide]                        PROVIDE (__fini_array_end = .)
                0x000000000800195c                _sidata = LOADADDR (.data)

.data           0x0000000020000000       0x70 load address 0x000000000800195c
                0x0000000020000000                . = ALIGN (0x4)
                0x0000000020000000                _sdata = .
 *(.data)
 .data          0x0000000020000000        0x8 Drivers/BSP/STM32F0xx-Nucleo/stm32f0xx_nucleo.o
                0x0000000020000000                LED_PORT
                0x0000000020000004                BUTTON_PORT
 .data          0x0000000020000008        0x4 Drivers/CMSIS/system_stm32f0xx.o
                0x0000000020000008                SystemCoreClock
 .data          0x000000002000000c        0x8 Drivers/STM32F0xx_HAL_Driver/stm32f0xx_hal.o
                0x000000002000000c                uwTickFreq
                0x0000000020000010                uwTickPrio
 .data          0x0000000020000014       0x5b Example/User/main.o
                0x0000000020000014                aTxBuffer
 *(.data*)
                0x0000000020000070                . = ALIGN (0x4)
 *fill*         0x000000002000006f        0x1 
                0x0000000020000070                _edata = .

.igot.plt       0x0000000020000070        0x0 load address 0x00000000080019cc
 .igot.plt      0x0000000020000070        0x0 c:/st/stm32cubeide_1.4.0/stm32cubeide/plugins/com.st.stm32cube.ide.mcu.externaltools.gnu-tools-for-stm32.7-2018-q2-update.win32_1.4.0.202007081208/tools/bin/../lib/gcc/arm-none-eabi/7.3.1/thumb/v6-m/crtbegin.o
                0x0000000020000070                . = ALIGN (0x4)

.bss            0x0000000020000070      0x104 load address 0x00000000080019cc
                0x0000000020000070                _sbss = .
                0x0000000020000070                __bss_start__ = _sbss
 *(.bss)
 .bss           0x0000000020000070       0x1c c:/st/stm32cubeide_1.4.0/stm32cubeide/plugins/com.st.stm32cube.ide.mcu.externaltools.gnu-tools-for-stm32.7-2018-q2-update.win32_1.4.0.202007081208/tools/bin/../lib/gcc/arm-none-eabi/7.3.1/thumb/v6-m/crtbegin.o
 .bss           0x000000002000008c        0x8 Example/User/main.o
                0x000000002000008c                UartReady
                0x0000000020000090                UserButtonStatus
 *(.bss*)
 *(COMMON)
 COMMON         0x0000000020000094        0x4 Drivers/STM32F0xx_HAL_Driver/stm32f0xx_hal.o
                0x0000000020000094                uwTick
 COMMON         0x0000000020000098       0xda Example/User/main.o
                0x0000000020000098                UartHandle
                0x0000000020000118                aRxBuffer
                0x0000000020000174                . = ALIGN (0x4)
 *fill*         0x0000000020000172        0x2 
                0x0000000020000174                _ebss = .
                0x0000000020000174                __bss_end__ = _ebss

._user_heap_stack
                0x0000000020000174      0x604 load address 0x00000000080019cc
                0x0000000020000178                . = ALIGN (0x8)
 *fill*         0x0000000020000174        0x4 
                [!provide]                        PROVIDE (end = .)
                [!provide]                        PROVIDE (_end = .)
                0x0000000020000378                . = (. + _Min_Heap_Size)
 *fill*         0x0000000020000178      0x200 
                0x0000000020000778                . = (. + _Min_Stack_Size)
 *fill*         0x0000000020000378      0x400 
                0x0000000020000778                . = ALIGN (0x8)

/DISCARD/
 libc.a(*)
 libm.a(*)
 libgcc.a(*)

.ARM.attributes
                0x0000000000000000       0x28
 *(.ARM.attributes)
 .ARM.attributes
                0x0000000000000000       0x1e c:/st/stm32cubeide_1.4.0/stm32cubeide/plugins/com.st.stm32cube.ide.mcu.externaltools.gnu-tools-for-stm32.7-2018-q2-update.win32_1.4.0.202007081208/tools/bin/../lib/gcc/arm-none-eabi/7.3.1/thumb/v6-m/crti.o
 .ARM.attributes
                0x000000000000001e       0x2c c:/st/stm32cubeide_1.4.0/stm32cubeide/plugins/com.st.stm32cube.ide.mcu.externaltools.gnu-tools-for-stm32.7-2018-q2-update.win32_1.4.0.202007081208/tools/bin/../lib/gcc/arm-none-eabi/7.3.1/thumb/v6-m/crtbegin.o
 .ARM.attributes
                0x000000000000004a       0x31 Drivers/BSP/STM32F0xx-Nucleo/stm32f0xx_nucleo.o
 .ARM.attributes
                0x000000000000007b       0x31 Drivers/CMSIS/system_stm32f0xx.o
 .ARM.attributes
                0x00000000000000ac       0x31 Drivers/STM32F0xx_HAL_Driver/stm32f0xx_hal.o
 .ARM.attributes
                0x00000000000000dd       0x31 Drivers/STM32F0xx_HAL_Driver/stm32f0xx_hal_cortex.o
 .ARM.attributes
                0x000000000000010e       0x31 Drivers/STM32F0xx_HAL_Driver/stm32f0xx_hal_dma.o
 .ARM.attributes
                0x000000000000013f       0x31 Drivers/STM32F0xx_HAL_Driver/stm32f0xx_hal_gpio.o
 .ARM.attributes
                0x0000000000000170       0x31 Drivers/STM32F0xx_HAL_Driver/stm32f0xx_hal_rcc.o
 .ARM.attributes
                0x00000000000001a1       0x31 Drivers/STM32F0xx_HAL_Driver/stm32f0xx_hal_uart.o
 .ARM.attributes
                0x00000000000001d2       0x31 Drivers/STM32F0xx_HAL_Driver/stm32f0xx_hal_uart_ex.o
 .ARM.attributes
                0x0000000000000203       0x21 Example/SW4STM32/startup_stm32f072xb.o
 .ARM.attributes
                0x0000000000000224       0x31 Example/User/main.o
 .ARM.attributes
                0x0000000000000255       0x31 Example/User/stm32f0xx_hal_msp.o
 .ARM.attributes
                0x0000000000000286       0x31 Example/User/stm32f0xx_it.o
 .ARM.attributes
                0x00000000000002b7       0x2c c:/st/stm32cubeide_1.4.0/stm32cubeide/plugins/com.st.stm32cube.ide.mcu.externaltools.gnu-tools-for-stm32.7-2018-q2-update.win32_1.4.0.202007081208/tools/bin/../lib/gcc/arm-none-eabi/7.3.1/../../../../arm-none-eabi/lib/thumb/v6-m\libc_nano.a(lib_a-init.o)
 .ARM.attributes
                0x00000000000002e3       0x2c c:/st/stm32cubeide_1.4.0/stm32cubeide/plugins/com.st.stm32cube.ide.mcu.externaltools.gnu-tools-for-stm32.7-2018-q2-update.win32_1.4.0.202007081208/tools/bin/../lib/gcc/arm-none-eabi/7.3.1/../../../../arm-none-eabi/lib/thumb/v6-m\libc_nano.a(lib_a-memcpy-stub.o)
 .ARM.attributes
                0x000000000000030f       0x1e c:/st/stm32cubeide_1.4.0/stm32cubeide/plugins/com.st.stm32cube.ide.mcu.externaltools.gnu-tools-for-stm32.7-2018-q2-update.win32_1.4.0.202007081208/tools/bin/../lib/gcc/arm-none-eabi/7.3.1/thumb/v6-m\libgcc.a(_thumb1_case_sqi.o)
 .ARM.attributes
                0x000000000000032d       0x1e c:/st/stm32cubeide_1.4.0/stm32cubeide/plugins/com.st.stm32cube.ide.mcu.externaltools.gnu-tools-for-stm32.7-2018-q2-update.win32_1.4.0.202007081208/tools/bin/../lib/gcc/arm-none-eabi/7.3.1/thumb/v6-m\libgcc.a(_thumb1_case_uqi.o)
 .ARM.attributes
                0x000000000000034b       0x1e c:/st/stm32cubeide_1.4.0/stm32cubeide/plugins/com.st.stm32cube.ide.mcu.externaltools.gnu-tools-for-stm32.7-2018-q2-update.win32_1.4.0.202007081208/tools/bin/../lib/gcc/arm-none-eabi/7.3.1/thumb/v6-m\libgcc.a(_udivsi3.o)
 .ARM.attributes
                0x0000000000000369       0x1e c:/st/stm32cubeide_1.4.0/stm32cubeide/plugins/com.st.stm32cube.ide.mcu.externaltools.gnu-tools-for-stm32.7-2018-q2-update.win32_1.4.0.202007081208/tools/bin/../lib/gcc/arm-none-eabi/7.3.1/thumb/v6-m\libgcc.a(_dvmd_tls.o)
 .ARM.attributes
                0x0000000000000387       0x1e c:/st/stm32cubeide_1.4.0/stm32cubeide/plugins/com.st.stm32cube.ide.mcu.externaltools.gnu-tools-for-stm32.7-2018-q2-update.win32_1.4.0.202007081208/tools/bin/../lib/gcc/arm-none-eabi/7.3.1/thumb/v6-m/crtn.o
OUTPUT(STM32F072RB-Nucleo.elf elf32-littlearm)

.debug_info     0x0000000000000000     0x776b
 .debug_info    0x0000000000000000      0x874 Drivers/BSP/STM32F0xx-Nucleo/stm32f0xx_nucleo.o
 .debug_info    0x0000000000000874      0x2a2 Drivers/CMSIS/system_stm32f0xx.o
 .debug_info    0x0000000000000b16      0x773 Drivers/STM32F0xx_HAL_Driver/stm32f0xx_hal.o
 .debug_info    0x0000000000001289      0x87c Drivers/STM32F0xx_HAL_Driver/stm32f0xx_hal_cortex.o
 .debug_info    0x0000000000001b05      0x86a Drivers/STM32F0xx_HAL_Driver/stm32f0xx_hal_dma.o
 .debug_info    0x000000000000236f      0x681 Drivers/STM32F0xx_HAL_Driver/stm32f0xx_hal_gpio.o
 .debug_info    0x00000000000029f0      0xa5e Drivers/STM32F0xx_HAL_Driver/stm32f0xx_hal_rcc.o
 .debug_info    0x000000000000344e     0x1bda Drivers/STM32F0xx_HAL_Driver/stm32f0xx_hal_uart.o
 .debug_info    0x0000000000005028      0x96f Drivers/STM32F0xx_HAL_Driver/stm32f0xx_hal_uart_ex.o
 .debug_info    0x0000000000005997       0x22 Example/SW4STM32/startup_stm32f072xb.o
 .debug_info    0x00000000000059b9      0xbfc Example/User/main.o
 .debug_info    0x00000000000065b5      0xa92 Example/User/stm32f0xx_hal_msp.o
 .debug_info    0x0000000000007047      0x724 Example/User/stm32f0xx_it.o

.debug_abbrev   0x0000000000000000     0x1a15
 .debug_abbrev  0x0000000000000000      0x213 Drivers/BSP/STM32F0xx-Nucleo/stm32f0xx_nucleo.o
 .debug_abbrev  0x0000000000000213      0x12b Drivers/CMSIS/system_stm32f0xx.o
 .debug_abbrev  0x000000000000033e      0x240 Drivers/STM32F0xx_HAL_Driver/stm32f0xx_hal.o
 .debug_abbrev  0x000000000000057e      0x272 Drivers/STM32F0xx_HAL_Driver/stm32f0xx_hal_cortex.o
 .debug_abbrev  0x00000000000007f0      0x235 Drivers/STM32F0xx_HAL_Driver/stm32f0xx_hal_dma.o
 .debug_abbrev  0x0000000000000a25      0x1dc Drivers/STM32F0xx_HAL_Driver/stm32f0xx_hal_gpio.o
 .debug_abbrev  0x0000000000000c01      0x2a0 Drivers/STM32F0xx_HAL_Driver/stm32f0xx_hal_rcc.o
 .debug_abbrev  0x0000000000000ea1      0x324 Drivers/STM32F0xx_HAL_Driver/stm32f0xx_hal_uart.o
 .debug_abbrev  0x00000000000011c5      0x237 Drivers/STM32F0xx_HAL_Driver/stm32f0xx_hal_uart_ex.o
 .debug_abbrev  0x00000000000013fc       0x12 Example/SW4STM32/startup_stm32f072xb.o
 .debug_abbrev  0x000000000000140e      0x2a1 Example/User/main.o
 .debug_abbrev  0x00000000000016af      0x1b8 Example/User/stm32f0xx_hal_msp.o
 .debug_abbrev  0x0000000000001867      0x1ae Example/User/stm32f0xx_it.o

.debug_loc      0x0000000000000000     0x2e90
 .debug_loc     0x0000000000000000      0x15b Drivers/BSP/STM32F0xx-Nucleo/stm32f0xx_nucleo.o
 .debug_loc     0x000000000000015b       0xe7 Drivers/CMSIS/system_stm32f0xx.o
 .debug_loc     0x0000000000000242       0xef Drivers/STM32F0xx_HAL_Driver/stm32f0xx_hal.o
 .debug_loc     0x0000000000000331      0x394 Drivers/STM32F0xx_HAL_Driver/stm32f0xx_hal_cortex.o
 .debug_loc     0x00000000000006c5      0x813 Drivers/STM32F0xx_HAL_Driver/stm32f0xx_hal_dma.o
 .debug_loc     0x0000000000000ed8      0x309 Drivers/STM32F0xx_HAL_Driver/stm32f0xx_hal_gpio.o
 .debug_loc     0x00000000000011e1      0x467 Drivers/STM32F0xx_HAL_Driver/stm32f0xx_hal_rcc.o
 .debug_loc     0x0000000000001648     0x1467 Drivers/STM32F0xx_HAL_Driver/stm32f0xx_hal_uart.o
 .debug_loc     0x0000000000002aaf      0x2d3 Drivers/STM32F0xx_HAL_Driver/stm32f0xx_hal_uart_ex.o
 .debug_loc     0x0000000000002d82       0xcc Example/User/main.o
 .debug_loc     0x0000000000002e4e       0x42 Example/User/stm32f0xx_hal_msp.o

.debug_aranges  0x0000000000000000      0x5f0
 .debug_aranges
                0x0000000000000000       0x60 Drivers/BSP/STM32F0xx-Nucleo/stm32f0xx_nucleo.o
 .debug_aranges
                0x0000000000000060       0x28 Drivers/CMSIS/system_stm32f0xx.o
 .debug_aranges
                0x0000000000000088       0xc8 Drivers/STM32F0xx_HAL_Driver/stm32f0xx_hal.o
 .debug_aranges
                0x0000000000000150       0x78 Drivers/STM32F0xx_HAL_Driver/stm32f0xx_hal_cortex.o
 .debug_aranges
                0x00000000000001c8       0x78 Drivers/STM32F0xx_HAL_Driver/stm32f0xx_hal_dma.o
 .debug_aranges
                0x0000000000000240       0x58 Drivers/STM32F0xx_HAL_Driver/stm32f0xx_hal_gpio.o
 .debug_aranges
                0x0000000000000298       0x80 Drivers/STM32F0xx_HAL_Driver/stm32f0xx_hal_rcc.o
 .debug_aranges
                0x0000000000000318      0x1b8 Drivers/STM32F0xx_HAL_Driver/stm32f0xx_hal_uart.o
 .debug_aranges
                0x00000000000004d0       0x48 Drivers/STM32F0xx_HAL_Driver/stm32f0xx_hal_uart_ex.o
 .debug_aranges
                0x0000000000000518       0x28 Example/SW4STM32/startup_stm32f072xb.o
 .debug_aranges
                0x0000000000000540       0x48 Example/User/main.o
 .debug_aranges
                0x0000000000000588       0x28 Example/User/stm32f0xx_hal_msp.o
 .debug_aranges
                0x00000000000005b0       0x40 Example/User/stm32f0xx_it.o

.debug_ranges   0x0000000000000000      0x6f8
 .debug_ranges  0x0000000000000000       0x50 Drivers/BSP/STM32F0xx-Nucleo/stm32f0xx_nucleo.o
 .debug_ranges  0x0000000000000050       0x18 Drivers/CMSIS/system_stm32f0xx.o
 .debug_ranges  0x0000000000000068       0xb8 Drivers/STM32F0xx_HAL_Driver/stm32f0xx_hal.o
 .debug_ranges  0x0000000000000120       0xb8 Drivers/STM32F0xx_HAL_Driver/stm32f0xx_hal_cortex.o
 .debug_ranges  0x00000000000001d8       0xf8 Drivers/STM32F0xx_HAL_Driver/stm32f0xx_hal_dma.o
 .debug_ranges  0x00000000000002d0       0x68 Drivers/STM32F0xx_HAL_Driver/stm32f0xx_hal_gpio.o
 .debug_ranges  0x0000000000000338       0xa0 Drivers/STM32F0xx_HAL_Driver/stm32f0xx_hal_rcc.o
 .debug_ranges  0x00000000000003d8      0x1a8 Drivers/STM32F0xx_HAL_Driver/stm32f0xx_hal_uart.o
 .debug_ranges  0x0000000000000580       0x50 Drivers/STM32F0xx_HAL_Driver/stm32f0xx_hal_uart_ex.o
 .debug_ranges  0x00000000000005d0       0x20 Example/SW4STM32/startup_stm32f072xb.o
 .debug_ranges  0x00000000000005f0       0x58 Example/User/main.o
 .debug_ranges  0x0000000000000648       0x80 Example/User/stm32f0xx_hal_msp.o
 .debug_ranges  0x00000000000006c8       0x30 Example/User/stm32f0xx_it.o

.debug_macro    0x0000000000000000    0x14b94
 .debug_macro   0x0000000000000000      0x1b2 Drivers/BSP/STM32F0xx-Nucleo/stm32f0xx_nucleo.o
 .debug_macro   0x00000000000001b2      0xa4e Drivers/BSP/STM32F0xx-Nucleo/stm32f0xx_nucleo.o
 .debug_macro   0x0000000000000c00      0x121 Drivers/BSP/STM32F0xx-Nucleo/stm32f0xx_nucleo.o
 .debug_macro   0x0000000000000d21       0x2e Drivers/BSP/STM32F0xx-Nucleo/stm32f0xx_nucleo.o
 .debug_macro   0x0000000000000d4f       0x22 Drivers/BSP/STM32F0xx-Nucleo/stm32f0xx_nucleo.o
 .debug_macro   0x0000000000000d71       0x22 Drivers/BSP/STM32F0xx-Nucleo/stm32f0xx_nucleo.o
 .debug_macro   0x0000000000000d93       0x8e Drivers/BSP/STM32F0xx-Nucleo/stm32f0xx_nucleo.o
 .debug_macro   0x0000000000000e21       0x51 Drivers/BSP/STM32F0xx-Nucleo/stm32f0xx_nucleo.o
 .debug_macro   0x0000000000000e72       0xef Drivers/BSP/STM32F0xx-Nucleo/stm32f0xx_nucleo.o
 .debug_macro   0x0000000000000f61       0x6a Drivers/BSP/STM32F0xx-Nucleo/stm32f0xx_nucleo.o
 .debug_macro   0x0000000000000fcb      0x1df Drivers/BSP/STM32F0xx-Nucleo/stm32f0xx_nucleo.o
 .debug_macro   0x00000000000011aa       0x1c Drivers/BSP/STM32F0xx-Nucleo/stm32f0xx_nucleo.o
 .debug_macro   0x00000000000011c6       0x22 Drivers/BSP/STM32F0xx-Nucleo/stm32f0xx_nucleo.o
 .debug_macro   0x00000000000011e8       0xb5 Drivers/BSP/STM32F0xx-Nucleo/stm32f0xx_nucleo.o
 .debug_macro   0x000000000000129d      0x391 Drivers/BSP/STM32F0xx-Nucleo/stm32f0xx_nucleo.o
 .debug_macro   0x000000000000162e     0xfe50 Drivers/BSP/STM32F0xx-Nucleo/stm32f0xx_nucleo.o
 .debug_macro   0x000000000001147e       0x3c Drivers/BSP/STM32F0xx-Nucleo/stm32f0xx_nucleo.o
 .debug_macro   0x00000000000114ba      0x174 Drivers/BSP/STM32F0xx-Nucleo/stm32f0xx_nucleo.o
 .debug_macro   0x000000000001162e       0x53 Drivers/BSP/STM32F0xx-Nucleo/stm32f0xx_nucleo.o
 .debug_macro   0x0000000000011681      0x946 Drivers/BSP/STM32F0xx-Nucleo/stm32f0xx_nucleo.o
 .debug_macro   0x0000000000011fc7      0x5f3 Drivers/BSP/STM32F0xx-Nucleo/stm32f0xx_nucleo.o
 .debug_macro   0x00000000000125ba      0x12f Drivers/BSP/STM32F0xx-Nucleo/stm32f0xx_nucleo.o
 .debug_macro   0x00000000000126e9      0x1a7 Drivers/BSP/STM32F0xx-Nucleo/stm32f0xx_nucleo.o
 .debug_macro   0x0000000000012890      0x1a7 Drivers/BSP/STM32F0xx-Nucleo/stm32f0xx_nucleo.o
 .debug_macro   0x0000000000012a37      0x22c Drivers/BSP/STM32F0xx-Nucleo/stm32f0xx_nucleo.o
 .debug_macro   0x0000000000012c63       0x34 Drivers/BSP/STM32F0xx-Nucleo/stm32f0xx_nucleo.o
 .debug_macro   0x0000000000012c97       0x43 Drivers/BSP/STM32F0xx-Nucleo/stm32f0xx_nucleo.o
 .debug_macro   0x0000000000012cda       0x28 Drivers/BSP/STM32F0xx-Nucleo/stm32f0xx_nucleo.o
 .debug_macro   0x0000000000012d02       0xb0 Drivers/BSP/STM32F0xx-Nucleo/stm32f0xx_nucleo.o
 .debug_macro   0x0000000000012db2      0x217 Drivers/BSP/STM32F0xx-Nucleo/stm32f0xx_nucleo.o
 .debug_macro   0x0000000000012fc9      0x589 Drivers/BSP/STM32F0xx-Nucleo/stm32f0xx_nucleo.o
 .debug_macro   0x0000000000013552       0x44 Drivers/BSP/STM32F0xx-Nucleo/stm32f0xx_nucleo.o
 .debug_macro   0x0000000000013596      0x130 Drivers/BSP/STM32F0xx-Nucleo/stm32f0xx_nucleo.o
 .debug_macro   0x00000000000136c6      0x1a7 Drivers/BSP/STM32F0xx-Nucleo/stm32f0xx_nucleo.o
 .debug_macro   0x000000000001386d      0x179 Drivers/CMSIS/system_stm32f0xx.o
 .debug_macro   0x00000000000139e6      0x19d Drivers/STM32F0xx_HAL_Driver/stm32f0xx_hal.o
 .debug_macro   0x0000000000013b83      0x179 Drivers/STM32F0xx_HAL_Driver/stm32f0xx_hal_cortex.o
 .debug_macro   0x0000000000013cfc      0x179 Drivers/STM32F0xx_HAL_Driver/stm32f0xx_hal_dma.o
 .debug_macro   0x0000000000013e75      0x1b1 Drivers/STM32F0xx_HAL_Driver/stm32f0xx_hal_gpio.o
 .debug_macro   0x0000000000014026      0x18b Drivers/STM32F0xx_HAL_Driver/stm32f0xx_hal_rcc.o
 .debug_macro   0x00000000000141b1      0x196 Drivers/STM32F0xx_HAL_Driver/stm32f0xx_hal_uart.o
 .debug_macro   0x0000000000014347      0x179 Drivers/STM32F0xx_HAL_Driver/stm32f0xx_hal_uart_ex.o
 .debug_macro   0x00000000000144c0      0x191 Example/User/main.o
 .debug_macro   0x0000000000014651      0x1ad Example/User/main.o
 .debug_macro   0x00000000000147fe       0x6a Example/User/main.o
 .debug_macro   0x0000000000014868      0x191 Example/User/stm32f0xx_hal_msp.o
 .debug_macro   0x00000000000149f9      0x19b Example/User/stm32f0xx_it.o

.debug_line     0x0000000000000000     0x6c5c
 .debug_line    0x0000000000000000      0x75d Drivers/BSP/STM32F0xx-Nucleo/stm32f0xx_nucleo.o
 .debug_line    0x000000000000075d      0x6fa Drivers/CMSIS/system_stm32f0xx.o
 .debug_line    0x0000000000000e57      0x84e Drivers/STM32F0xx_HAL_Driver/stm32f0xx_hal.o
 .debug_line    0x00000000000016a5      0x802 Drivers/STM32F0xx_HAL_Driver/stm32f0xx_hal_cortex.o
 .debug_line    0x0000000000001ea7      0x95c Drivers/STM32F0xx_HAL_Driver/stm32f0xx_hal_dma.o
 .debug_line    0x0000000000002803      0x81a Drivers/STM32F0xx_HAL_Driver/stm32f0xx_hal_gpio.o
 .debug_line    0x000000000000301d      0xa42 Drivers/STM32F0xx_HAL_Driver/stm32f0xx_hal_rcc.o
 .debug_line    0x0000000000003a5f     0x1306 Drivers/STM32F0xx_HAL_Driver/stm32f0xx_hal_uart.o
 .debug_line    0x0000000000004d65      0x791 Drivers/STM32F0xx_HAL_Driver/stm32f0xx_hal_uart_ex.o
 .debug_line    0x00000000000054f6       0xfb Example/SW4STM32/startup_stm32f072xb.o
 .debug_line    0x00000000000055f1      0x7c5 Example/User/main.o
 .debug_line    0x0000000000005db6      0x74d Example/User/stm32f0xx_hal_msp.o
 .debug_line    0x0000000000006503      0x759 Example/User/stm32f0xx_it.o

.debug_str      0x0000000000000000    0x7247a
 .debug_str     0x0000000000000000    0x70205 Drivers/BSP/STM32F0xx-Nucleo/stm32f0xx_nucleo.o
                                      0x7049c (size before relaxing)
 .debug_str     0x0000000000070205       0xd2 Drivers/CMSIS/system_stm32f0xx.o
                                      0x6f396 (size before relaxing)
 .debug_str     0x00000000000702d7      0x41f Drivers/STM32F0xx_HAL_Driver/stm32f0xx_hal.o
                                      0x6f8f2 (size before relaxing)
 .debug_str     0x00000000000706f6      0x200 Drivers/STM32F0xx_HAL_Driver/stm32f0xx_hal_cortex.o
                                      0x6f77e (size before relaxing)
 .debug_str     0x00000000000708f6      0x432 Drivers/STM32F0xx_HAL_Driver/stm32f0xx_hal_dma.o
                                      0x6f740 (size before relaxing)
 .debug_str     0x0000000000070d28      0x1f3 Drivers/STM32F0xx_HAL_Driver/stm32f0xx_hal_gpio.o
                                      0x6f5f8 (size before relaxing)
 .debug_str     0x0000000000070f1b      0x3bc Drivers/STM32F0xx_HAL_Driver/stm32f0xx_hal_rcc.o
                                      0x6f7b0 (size before relaxing)
 .debug_str     0x00000000000712d7      0xa35 Drivers/STM32F0xx_HAL_Driver/stm32f0xx_hal_uart.o
                                      0x70005 (size before relaxing)
 .debug_str     0x0000000000071d0c      0x188 Drivers/STM32F0xx_HAL_Driver/stm32f0xx_hal_uart_ex.o
                                      0x6f8c2 (size before relaxing)
 .debug_str     0x0000000000071e94       0xa8 Example/SW4STM32/startup_stm32f072xb.o
                                        0x145 (size before relaxing)
 .debug_str     0x0000000000071f3c      0x39e Example/User/main.o
                                      0x707bf (size before relaxing)
 .debug_str     0x00000000000722da       0xa3 Example/User/stm32f0xx_hal_msp.o
                                      0x707e9 (size before relaxing)
 .debug_str     0x000000000007237d       0xfd Example/User/stm32f0xx_it.o
                                      0x70580 (size before relaxing)

.comment        0x0000000000000000       0x7b
 .comment       0x0000000000000000       0x7b Drivers/BSP/STM32F0xx-Nucleo/stm32f0xx_nucleo.o
                                         0x7c (size before relaxing)
 .comment       0x000000000000007b       0x7c Drivers/CMSIS/system_stm32f0xx.o
 .comment       0x000000000000007b       0x7c Drivers/STM32F0xx_HAL_Driver/stm32f0xx_hal.o
 .comment       0x000000000000007b       0x7c Drivers/STM32F0xx_HAL_Driver/stm32f0xx_hal_cortex.o
 .comment       0x000000000000007b       0x7c Drivers/STM32F0xx_HAL_Driver/stm32f0xx_hal_dma.o
 .comment       0x000000000000007b       0x7c Drivers/STM32F0xx_HAL_Driver/stm32f0xx_hal_gpio.o
 .comment       0x000000000000007b       0x7c Drivers/STM32F0xx_HAL_Driver/stm32f0xx_hal_rcc.o
 .comment       0x000000000000007b       0x7c Drivers/STM32F0xx_HAL_Driver/stm32f0xx_hal_uart.o
 .comment       0x000000000000007b       0x7c Drivers/STM32F0xx_HAL_Driver/stm32f0xx_hal_uart_ex.o
 .comment       0x000000000000007b       0x7c Example/User/main.o
 .comment       0x000000000000007b       0x7c Example/User/stm32f0xx_hal_msp.o
 .comment       0x000000000000007b       0x7c Example/User/stm32f0xx_it.o

.debug_frame    0x0000000000000000      0xf88
 .debug_frame   0x0000000000000000       0xec Drivers/BSP/STM32F0xx-Nucleo/stm32f0xx_nucleo.o
 .debug_frame   0x00000000000000ec       0x3c Drivers/CMSIS/system_stm32f0xx.o
 .debug_frame   0x0000000000000128      0x1b4 Drivers/STM32F0xx_HAL_Driver/stm32f0xx_hal.o
 .debug_frame   0x00000000000002dc       0xe4 Drivers/STM32F0xx_HAL_Driver/stm32f0xx_hal_cortex.o
 .debug_frame   0x00000000000003c0      0x158 Drivers/STM32F0xx_HAL_Driver/stm32f0xx_hal_dma.o
 .debug_frame   0x0000000000000518       0xbc Drivers/STM32F0xx_HAL_Driver/stm32f0xx_hal_gpio.o
 .debug_frame   0x00000000000005d4      0x140 Drivers/STM32F0xx_HAL_Driver/stm32f0xx_hal_rcc.o
 .debug_frame   0x0000000000000714      0x5c8 Drivers/STM32F0xx_HAL_Driver/stm32f0xx_hal_uart.o
 .debug_frame   0x0000000000000cdc       0xb0 Drivers/STM32F0xx_HAL_Driver/stm32f0xx_hal_uart_ex.o
 .debug_frame   0x0000000000000d8c       0xac Example/User/main.o
 .debug_frame   0x0000000000000e38       0x44 Example/User/stm32f0xx_hal_msp.o
 .debug_frame   0x0000000000000e7c       0x98 Example/User/stm32f0xx_it.o
 .debug_frame   0x0000000000000f14       0x2c c:/st/stm32cubeide_1.4.0/stm32cubeide/plugins/com.st.stm32cube.ide.mcu.externaltools.gnu-tools-for-stm32.7-2018-q2-update.win32_1.4.0.202007081208/tools/bin/../lib/gcc/arm-none-eabi/7.3.1/../../../../arm-none-eabi/lib/thumb/v6-m\libc_nano.a(lib_a-init.o)
 .debug_frame   0x0000000000000f40       0x28 c:/st/stm32cubeide_1.4.0/stm32cubeide/plugins/com.st.stm32cube.ide.mcu.externaltools.gnu-tools-for-stm32.7-2018-q2-update.win32_1.4.0.202007081208/tools/bin/../lib/gcc/arm-none-eabi/7.3.1/../../../../arm-none-eabi/lib/thumb/v6-m\libc_nano.a(lib_a-memcpy-stub.o)
 .debug_frame   0x0000000000000f68       0x20 c:/st/stm32cubeide_1.4.0/stm32cubeide/plugins/com.st.stm32cube.ide.mcu.externaltools.gnu-tools-for-stm32.7-2018-q2-update.win32_1.4.0.202007081208/tools/bin/../lib/gcc/arm-none-eabi/7.3.1/thumb/v6-m\libgcc.a(_udivsi3.o)
